\BOOKMARK [1][-]{Doc-Start}{\376\377\000R\000e\000v\000i\000s\000i\000o\000n\000\040\000H\000i\000s\000t\000o\000r\000y}{}% 1
\BOOKMARK [1][-]{section.1}{\376\377\000I\000n\000t\000r\000o\000d\000u\000c\000t\000i\000o\000n}{}% 2
\BOOKMARK [2][-]{subsection.1.1}{\376\377\000P\000u\000r\000p\000o\000s\000e}{section.1}% 3
\BOOKMARK [2][-]{subsection.1.2}{\376\377\000D\000o\000c\000u\000m\000e\000n\000t\000\040\000C\000o\000n\000v\000e\000n\000t\000i\000o\000n\000s}{section.1}% 4
\BOOKMARK [2][-]{subsection.1.3}{\376\377\000I\000n\000t\000e\000n\000d\000e\000d\000\040\000A\000u\000d\000i\000e\000n\000c\000e\000\040\000a\000n\000d\000\040\000R\000e\000a\000d\000i\000n\000g\000\040\000S\000u\000g\000g\000e\000s\000t\000i\000o\000n\000s}{section.1}% 5
\BOOKMARK [2][-]{subsection.1.4}{\376\377\000P\000r\000o\000d\000u\000c\000t\000\040\000S\000c\000o\000p\000e}{section.1}% 6
\BOOKMARK [2][-]{subsection.1.5}{\376\377\000R\000e\000f\000e\000r\000e\000n\000c\000e\000s}{section.1}% 7
\BOOKMARK [1][-]{section.2}{\376\377\000O\000v\000e\000r\000a\000l\000l\000\040\000D\000e\000s\000c\000r\000i\000p\000t\000i\000o\000n}{}% 8
\BOOKMARK [2][-]{subsection.2.1}{\376\377\000P\000r\000o\000d\000u\000c\000t\000\040\000P\000e\000r\000s\000p\000e\000c\000t\000i\000v\000e}{section.2}% 9
\BOOKMARK [2][-]{subsection.2.2}{\376\377\000P\000r\000o\000d\000u\000c\000t\000\040\000F\000u\000n\000c\000t\000i\000o\000n\000s}{section.2}% 10
\BOOKMARK [2][-]{subsection.2.3}{\376\377\000U\000s\000e\000r\000\040\000C\000l\000a\000s\000s\000e\000s\000\040\000a\000n\000d\000\040\000C\000h\000a\000r\000a\000c\000t\000e\000r\000i\000s\000t\000i\000c\000s}{section.2}% 11
\BOOKMARK [2][-]{subsection.2.4}{\376\377\000O\000p\000e\000r\000a\000t\000i\000n\000g\000\040\000E\000n\000v\000i\000r\000o\000n\000m\000e\000n\000t}{section.2}% 12
\BOOKMARK [2][-]{subsection.2.5}{\376\377\000D\000e\000s\000i\000g\000n\000\040\000a\000n\000d\000\040\000I\000m\000p\000l\000e\000m\000e\000n\000t\000a\000t\000i\000o\000n\000\040\000C\000o\000n\000s\000t\000r\000a\000i\000n\000t\000s}{section.2}% 13
\BOOKMARK [2][-]{subsection.2.6}{\376\377\000U\000s\000e\000r\000\040\000D\000o\000c\000u\000m\000e\000n\000t\000a\000t\000i\000o\000n}{section.2}% 14
\BOOKMARK [2][-]{subsection.2.7}{\376\377\000A\000s\000s\000u\000m\000p\000t\000i\000o\000n\000s\000\040\000a\000n\000d\000\040\000D\000e\000p\000e\000n\000d\000e\000n\000c\000i\000e\000s}{section.2}% 15
\BOOKMARK [1][-]{section.3}{\376\377\000E\000x\000t\000e\000r\000n\000a\000l\000\040\000I\000n\000t\000e\000r\000f\000a\000c\000e\000\040\000R\000e\000q\000u\000i\000r\000e\000m\000e\000n\000t\000s}{}% 16
\BOOKMARK [2][-]{subsection.3.1}{\376\377\000U\000s\000e\000r\000\040\000I\000n\000t\000e\000r\000f\000a\000c\000e\000s}{section.3}% 17
\BOOKMARK [2][-]{subsection.3.2}{\376\377\000H\000a\000r\000d\000w\000a\000r\000e\000\040\000I\000n\000t\000e\000r\000f\000a\000c\000e\000s}{section.3}% 18
\BOOKMARK [2][-]{subsection.3.3}{\376\377\000S\000o\000f\000t\000w\000a\000r\000e\000\040\000I\000n\000t\000e\000r\000f\000a\000c\000e\000s}{section.3}% 19
\BOOKMARK [2][-]{subsection.3.4}{\376\377\000C\000o\000m\000m\000u\000n\000i\000c\000a\000t\000i\000o\000n\000s\000\040\000I\000n\000t\000e\000r\000f\000a\000c\000e\000s}{section.3}% 20
\BOOKMARK [1][-]{section.4}{\376\377\000S\000y\000s\000t\000e\000m\000\040\000F\000e\000a\000t\000u\000r\000e\000s}{}% 21
\BOOKMARK [2][-]{subsection.4.1}{\376\377\000A\000u\000t\000h\000e\000n\000t\000i\000c\000a\000t\000i\000o\000n\000\040\000a\000n\000d\000\040\000A\000c\000c\000e\000s\000s\000\040\000C\000o\000n\000t\000r\000o\000l}{section.4}% 22
\BOOKMARK [3][-]{subsubsection.4.1.1}{\376\377\000D\000e\000s\000c\000r\000i\000p\000t\000i\000o\000n\000\040\000a\000n\000d\000\040\000P\000r\000i\000o\000r\000i\000t\000y}{subsection.4.1}% 23
\BOOKMARK [3][-]{subsubsection.4.1.2}{\376\377\000S\000t\000i\000m\000u\000l\000u\000s\000/\000R\000e\000s\000p\000o\000n\000s\000e\000\040\000S\000e\000q\000u\000e\000n\000c\000e\000s}{subsection.4.1}% 24
\BOOKMARK [3][-]{subsubsection.4.1.3}{\376\377\000F\000u\000n\000c\000t\000i\000o\000n\000a\000l\000\040\000R\000e\000q\000u\000i\000r\000e\000m\000e\000n\000t\000s}{subsection.4.1}% 25
\BOOKMARK [2][-]{subsection.4.2}{\376\377\000T\000i\000c\000k\000e\000t\000\040\000S\000u\000b\000m\000i\000s\000s\000i\000o\000n\000\040\000a\000n\000d\000\040\000V\000a\000l\000i\000d\000a\000t\000i\000o\000n}{section.4}% 26
\BOOKMARK [3][-]{subsubsection.4.2.1}{\376\377\000D\000e\000s\000c\000r\000i\000p\000t\000i\000o\000n\000\040\000a\000n\000d\000\040\000P\000r\000i\000o\000r\000i\000t\000y}{subsection.4.2}% 27
\BOOKMARK [3][-]{subsubsection.4.2.2}{\376\377\000S\000t\000i\000m\000u\000l\000u\000s\000/\000R\000e\000s\000p\000o\000n\000s\000e\000\040\000S\000e\000q\000u\000e\000n\000c\000e\000s}{subsection.4.2}% 28
\BOOKMARK [3][-]{subsubsection.4.2.3}{\376\377\000F\000u\000n\000c\000t\000i\000o\000n\000a\000l\000\040\000R\000e\000q\000u\000i\000r\000e\000m\000e\000n\000t\000s}{subsection.4.2}% 29
\BOOKMARK [2][-]{subsection.4.3}{\376\377\000M\000u\000l\000t\000i\000l\000i\000n\000g\000u\000a\000l\000\040\000T\000e\000x\000t\000\040\000P\000r\000o\000c\000e\000s\000s\000i\000n\000g}{section.4}% 30
\BOOKMARK [3][-]{subsubsection.4.3.1}{\376\377\000D\000e\000s\000c\000r\000i\000p\000t\000i\000o\000n\000\040\000a\000n\000d\000\040\000P\000r\000i\000o\000r\000i\000t\000y}{subsection.4.3}% 31
\BOOKMARK [3][-]{subsubsection.4.3.2}{\376\377\000S\000t\000i\000m\000u\000l\000u\000s\000/\000R\000e\000s\000p\000o\000n\000s\000e\000\040\000S\000e\000q\000u\000e\000n\000c\000e\000s}{subsection.4.3}% 32
\BOOKMARK [3][-]{subsubsection.4.3.3}{\376\377\000F\000u\000n\000c\000t\000i\000o\000n\000a\000l\000\040\000R\000e\000q\000u\000i\000r\000e\000m\000e\000n\000t\000s}{subsection.4.3}% 33
\BOOKMARK [2][-]{subsection.4.4}{\376\377\000T\000i\000c\000k\000e\000t\000\040\000C\000a\000t\000e\000g\000o\000r\000y\000\040\000C\000l\000a\000s\000s\000i\000f\000i\000c\000a\000t\000i\000o\000n}{section.4}% 34
\BOOKMARK [3][-]{subsubsection.4.4.1}{\376\377\000D\000e\000s\000c\000r\000i\000p\000t\000i\000o\000n\000\040\000a\000n\000d\000\040\000P\000r\000i\000o\000r\000i\000t\000y}{subsection.4.4}% 35
\BOOKMARK [3][-]{subsubsection.4.4.2}{\376\377\000S\000t\000i\000m\000u\000l\000u\000s\000/\000R\000e\000s\000p\000o\000n\000s\000e\000\040\000S\000e\000q\000u\000e\000n\000c\000e\000s}{subsection.4.4}% 36
\BOOKMARK [3][-]{subsubsection.4.4.3}{\376\377\000F\000u\000n\000c\000t\000i\000o\000n\000a\000l\000\040\000R\000e\000q\000u\000i\000r\000e\000m\000e\000n\000t\000s}{subsection.4.4}% 37
\BOOKMARK [2][-]{subsection.4.5}{\376\377\000U\000r\000g\000e\000n\000c\000y\000\040\000a\000n\000d\000\040\000S\000e\000n\000t\000i\000m\000e\000n\000t\000\040\000P\000r\000e\000d\000i\000c\000t\000i\000o\000n}{section.4}% 38
\BOOKMARK [3][-]{subsubsection.4.5.1}{\376\377\000D\000e\000s\000c\000r\000i\000p\000t\000i\000o\000n\000\040\000a\000n\000d\000\040\000P\000r\000i\000o\000r\000i\000t\000y}{subsection.4.5}% 39
\BOOKMARK [3][-]{subsubsection.4.5.2}{\376\377\000S\000t\000i\000m\000u\000l\000u\000s\000/\000R\000e\000s\000p\000o\000n\000s\000e\000\040\000S\000e\000q\000u\000e\000n\000c\000e\000s}{subsection.4.5}% 40
\BOOKMARK [3][-]{subsubsection.4.5.3}{\376\377\000F\000u\000n\000c\000t\000i\000o\000n\000a\000l\000\040\000R\000e\000q\000u\000i\000r\000e\000m\000e\000n\000t\000s}{subsection.4.5}% 41
\BOOKMARK [2][-]{subsection.4.6}{\376\377\000I\000m\000a\000g\000e\000\040\000E\000v\000i\000d\000e\000n\000c\000e\000\040\000P\000r\000o\000c\000e\000s\000s\000i\000n\000g}{section.4}% 42
\BOOKMARK [3][-]{subsubsection.4.6.1}{\376\377\000D\000e\000s\000c\000r\000i\000p\000t\000i\000o\000n\000\040\000a\000n\000d\000\040\000P\000r\000i\000o\000r\000i\000t\000y}{subsection.4.6}% 43
\BOOKMARK [3][-]{subsubsection.4.6.2}{\376\377\000S\000t\000i\000m\000u\000l\000u\000s\000/\000R\000e\000s\000p\000o\000n\000s\000e\000\040\000S\000e\000q\000u\000e\000n\000c\000e\000s}{subsection.4.6}% 44
\BOOKMARK [3][-]{subsubsection.4.6.3}{\376\377\000F\000u\000n\000c\000t\000i\000o\000n\000a\000l\000\040\000R\000e\000q\000u\000i\000r\000e\000m\000e\000n\000t\000s}{subsection.4.6}% 45
\BOOKMARK [2][-]{subsection.4.7}{\376\377\000T\000i\000c\000k\000e\000t\000\040\000R\000o\000u\000t\000i\000n\000g\000\040\000a\000n\000d\000\040\000L\000i\000f\000e\000c\000y\000c\000l\000e}{section.4}% 46
\BOOKMARK [3][-]{subsubsection.4.7.1}{\376\377\000D\000e\000s\000c\000r\000i\000p\000t\000i\000o\000n\000\040\000a\000n\000d\000\040\000P\000r\000i\000o\000r\000i\000t\000y}{subsection.4.7}% 47
\BOOKMARK [3][-]{subsubsection.4.7.2}{\376\377\000S\000t\000i\000m\000u\000l\000u\000s\000/\000R\000e\000s\000p\000o\000n\000s\000e\000\040\000S\000e\000q\000u\000e\000n\000c\000e\000s}{subsection.4.7}% 48
\BOOKMARK [3][-]{subsubsection.4.7.3}{\376\377\000F\000u\000n\000c\000t\000i\000o\000n\000a\000l\000\040\000R\000e\000q\000u\000i\000r\000e\000m\000e\000n\000t\000s}{subsection.4.7}% 49
\BOOKMARK [2][-]{subsection.4.8}{\376\377\000C\000o\000n\000t\000e\000x\000t\000-\000A\000w\000a\000r\000e\000\040\000R\000e\000s\000p\000o\000n\000s\000e\000\040\000G\000e\000n\000e\000r\000a\000t\000i\000o\000n}{section.4}% 50
\BOOKMARK [3][-]{subsubsection.4.8.1}{\376\377\000D\000e\000s\000c\000r\000i\000p\000t\000i\000o\000n\000\040\000a\000n\000d\000\040\000P\000r\000i\000o\000r\000i\000t\000y}{subsection.4.8}% 51
\BOOKMARK [3][-]{subsubsection.4.8.2}{\376\377\000S\000t\000i\000m\000u\000l\000u\000s\000/\000R\000e\000s\000p\000o\000n\000s\000e\000\040\000S\000e\000q\000u\000e\000n\000c\000e\000s}{subsection.4.8}% 52
\BOOKMARK [3][-]{subsubsection.4.8.3}{\376\377\000F\000u\000n\000c\000t\000i\000o\000n\000a\000l\000\040\000R\000e\000q\000u\000i\000r\000e\000m\000e\000n\000t\000s}{subsection.4.8}% 53
\BOOKMARK [2][-]{subsection.4.9}{\376\377\000A\000g\000e\000n\000t\000\040\000D\000a\000s\000h\000b\000o\000a\000r\000d\000,\000\040\000F\000e\000e\000d\000b\000a\000c\000k\000,\000\040\000a\000n\000d\000\040\000E\000v\000a\000l\000u\000a\000t\000i\000o\000n}{section.4}% 54
\BOOKMARK [3][-]{subsubsection.4.9.1}{\376\377\000D\000e\000s\000c\000r\000i\000p\000t\000i\000o\000n\000\040\000a\000n\000d\000\040\000P\000r\000i\000o\000r\000i\000t\000y}{subsection.4.9}% 55
\BOOKMARK [3][-]{subsubsection.4.9.2}{\376\377\000S\000t\000i\000m\000u\000l\000u\000s\000/\000R\000e\000s\000p\000o\000n\000s\000e\000\040\000S\000e\000q\000u\000e\000n\000c\000e\000s}{subsection.4.9}% 56
\BOOKMARK [3][-]{subsubsection.4.9.3}{\376\377\000F\000u\000n\000c\000t\000i\000o\000n\000a\000l\000\040\000R\000e\000q\000u\000i\000r\000e\000m\000e\000n\000t\000s}{subsection.4.9}% 57
\BOOKMARK [1][-]{section.5}{\376\377\000O\000t\000h\000e\000r\000\040\000N\000o\000n\000f\000u\000n\000c\000t\000i\000o\000n\000a\000l\000\040\000R\000e\000q\000u\000i\000r\000e\000m\000e\000n\000t\000s}{}% 58
\BOOKMARK [2][-]{subsection.5.1}{\376\377\000P\000e\000r\000f\000o\000r\000m\000a\000n\000c\000e\000\040\000R\000e\000q\000u\000i\000r\000e\000m\000e\000n\000t\000s}{section.5}% 59
\BOOKMARK [2][-]{subsection.5.2}{\376\377\000S\000a\000f\000e\000t\000y\000\040\000R\000e\000q\000u\000i\000r\000e\000m\000e\000n\000t\000s}{section.5}% 60
\BOOKMARK [2][-]{subsection.5.3}{\376\377\000S\000e\000c\000u\000r\000i\000t\000y\000\040\000R\000e\000q\000u\000i\000r\000e\000m\000e\000n\000t\000s}{section.5}% 61
\BOOKMARK [2][-]{subsection.5.4}{\376\377\000S\000o\000f\000t\000w\000a\000r\000e\000\040\000Q\000u\000a\000l\000i\000t\000y\000\040\000A\000t\000t\000r\000i\000b\000u\000t\000e\000s}{section.5}% 62
\BOOKMARK [2][-]{subsection.5.5}{\376\377\000B\000u\000s\000i\000n\000e\000s\000s\000\040\000R\000u\000l\000e\000s}{section.5}% 63
\BOOKMARK [1][-]{section.6}{\376\377\000O\000t\000h\000e\000r\000\040\000R\000e\000q\000u\000i\000r\000e\000m\000e\000n\000t\000s}{}% 64
\BOOKMARK [2][-]{subsection.6.1}{\376\377\000D\000a\000t\000a\000\040\000R\000e\000q\000u\000i\000r\000e\000m\000e\000n\000t\000s}{section.6}% 65
\BOOKMARK [2][-]{subsection.6.2}{\376\377\000I\000n\000t\000e\000r\000n\000a\000t\000i\000o\000n\000a\000l\000i\000s\000a\000t\000i\000o\000n\000\040\000R\000e\000q\000u\000i\000r\000e\000m\000e\000n\000t\000s}{section.6}% 66
\BOOKMARK [2][-]{subsection.6.3}{\376\377\000P\000r\000i\000v\000a\000c\000y\000\040\000a\000n\000d\000\040\000R\000e\000t\000e\000n\000t\000i\000o\000n\000\040\000R\000e\000q\000u\000i\000r\000e\000m\000e\000n\000t\000s}{section.6}% 67
\BOOKMARK [2][-]{subsection.6.4}{\376\377\000M\000o\000d\000e\000l\000\040\000T\000r\000a\000i\000n\000i\000n\000g\000\040\000a\000n\000d\000\040\000E\000v\000a\000l\000u\000a\000t\000i\000o\000n\000\040\000R\000e\000q\000u\000i\000r\000e\000m\000e\000n\000t\000s}{section.6}% 68
\BOOKMARK [1][-]{appendix.A}{\376\377\000G\000l\000o\000s\000s\000a\000r\000y}{}% 69
\BOOKMARK [1][-]{appendix.B}{\376\377\000A\000n\000a\000l\000y\000s\000i\000s\000\040\000M\000o\000d\000e\000l\000s}{}% 70
\BOOKMARK [1][-]{appendix.C}{\376\377\000T\000o\000\040\000B\000e\000\040\000D\000e\000t\000e\000r\000m\000i\000n\000e\000d\000\040\000L\000i\000s\000t}{}% 71
